exports[`components <Footer /> renders correctly 1`] = `
<div
  className="ui inverted vertical fixed footer segment">
  <span
    className="text-muted">
    Â© 2016-2017 Le Conseil, Inc., All Rights Reserved.
  </span>
</div>
`;
