exports[`components <Header /> renders correctly 1`] = `
<div
  className="ui inverted menu">
  <div
    className="ui container">
    <a
      className="header item"
      onClick={[Function bound handleClick]}
      style={Object {}}>
      <img
        className="logo logo-spin"
        src="logo.ico" />
      Picshape
    </a>
    <a
      className="item"
      onClick={[Function bound handleClick]}
      style={Object {}}>
      Upload
    </a>
    <a
      className="item"
      onClick={[Function bound handleClick]}
      style={Object {}}>
      Login
    </a>
    <a
      className="item"
      onClick={[Function bound handleClick]}
      style={Object {}}>
      Signup
    </a>
    <a
      className="item"
      onClick={[Function bound handleClick]}
      style={Object {}}>
      About
    </a>
  </div>
</div>
`;
