exports[`components <NotFound /> renders correctly 1`] = `
<div
  className="ui container text-center">
  <h1>
    404
  </h1>
  <p>
    Page Not Found
  </p>
</div>
`;
